// Jest Snapshot v1, https://goo.gl/fbAQLP

exports[`Header Header 樣式發生改變時提示 1`] = `
<div class="header">
  <div class="header-content"> TodoList <input class="header-input" type="text" placeholder="Please input your todo item !"></div>
</div>
`;
