// Jest Snapshot v1, https://goo.gl/fbAQLP

exports[`TodoList renders properly 1`] = `<h1 class="mmm nnn">TodoList</h1>`;
